2025-05-08 10:35:47.628 INFO  org.hibernate.validator.internal.util.Version     :21   [32m                  [0;39m HV000001: Hibernate Validator 8.0.2.Final
2025-05-08 10:35:47.696 INFO  com.jiawa.train.member.config.MemberApplication   :53   [32m                  [0;39m Starting MemberApplication using Java 21.0.2 with PID 22932 (E:\12306-train\train\member\target\classes started by user in E:\12306-train\train)
2025-05-08 10:35:47.697 INFO  com.jiawa.train.member.config.MemberApplication   :652  [32m                  [0;39m No active profile set, falling back to 1 default profile: "default"
2025-05-08 10:35:47.752 INFO  o.s.b.d.env.DevToolsPropertyDefaultsPostProcessor :252  [32m                  [0;39m Devtools property defaults active! Set 'spring.devtools.add-properties' to 'false' to disable
2025-05-08 10:35:47.752 INFO  o.s.b.d.env.DevToolsPropertyDefaultsPostProcessor :252  [32m                  [0;39m For additional web related logging consider setting the 'logging.level.web' property to 'DEBUG'
2025-05-08 10:35:48.379 INFO  o.springframework.cloud.context.scope.GenericScope:282  [32m                  [0;39m BeanFactory id=76df00b8-05fd-37ca-8efa-3852515532e5
2025-05-08 10:35:48.896 INFO  o.s.boot.web.embedded.tomcat.TomcatWebServer      :111  [32m                  [0;39m Tomcat initialized with port 8001 (http)
2025-05-08 10:35:48.908 INFO  org.apache.coyote.http11.Http11NioProtocol        :168  [32m                  [0;39m Initializing ProtocolHandler ["http-nio-8001"]
2025-05-08 10:35:48.910 INFO  org.apache.catalina.core.StandardService          :168  [32m                  [0;39m Starting service [Tomcat]
2025-05-08 10:35:48.910 INFO  org.apache.catalina.core.StandardEngine           :168  [32m                  [0;39m Starting Servlet engine: [Apache Tomcat/10.1.40]
2025-05-08 10:35:48.964 INFO  o.a.c.c.C.[Tomcat].[localhost].[/member]          :168  [32m                  [0;39m Initializing Spring embedded WebApplicationContext
2025-05-08 10:35:48.964 INFO  o.s.b.w.s.c.ServletWebServerApplicationContext    :301  [32m                  [0;39m Root WebApplicationContext: initialization completed in 1211 ms
2025-05-08 10:35:49.709 INFO  o.s.b.d.autoconfigure.OptionalLiveReloadServer    :59   [32m                  [0;39m LiveReload server is running on port 35729
2025-05-08 10:35:49.774 INFO  org.apache.coyote.http11.Http11NioProtocol        :168  [32m                  [0;39m Starting ProtocolHandler ["http-nio-8001"]
2025-05-08 10:35:49.788 INFO  o.s.boot.web.embedded.tomcat.TomcatWebServer      :243  [32m                  [0;39m Tomcat started on port 8001 (http) with context path '/member'
2025-05-08 10:35:49.802 INFO  com.jiawa.train.member.config.MemberApplication   :59   [32m                  [0;39m Started MemberApplication in 2.545 seconds (process running for 3.277)
2025-05-08 10:35:49.804 INFO  com.jiawa.train.member.config.MemberApplication   :23   [32m                  [0;39m 启动成功!
2025-05-08 10:35:49.804 INFO  com.jiawa.train.member.config.MemberApplication   :24   [32m                  [0;39m 地址：	http://127.0.0.1:8001/test
2025-05-08 10:37:52.384 INFO  o.a.c.c.C.[Tomcat].[localhost].[/member]          :168  [32m                  [0;39m Initializing Spring DispatcherServlet 'dispatcherServlet'
2025-05-08 10:37:52.384 INFO  org.springframework.web.servlet.DispatcherServlet :532  [32m                  [0;39m Initializing Servlet 'dispatcherServlet'
2025-05-08 10:37:52.385 INFO  org.springframework.web.servlet.DispatcherServlet :554  [32m                  [0;39m Completed initialization in 1 ms
2025-05-08 10:37:52.443 INFO  com.jiawa.train.common.aspect.LogAspect           :52   [32m17466718724372tz  [0;39m ------------- 开始 -------------
2025-05-08 10:37:52.444 INFO  com.jiawa.train.common.aspect.LogAspect           :53   [32m17466718724372tz  [0;39m 请求地址: http://127.0.0.1:8001/member/member/login POST
2025-05-08 10:37:52.444 INFO  com.jiawa.train.common.aspect.LogAspect           :54   [32m17466718724372tz  [0;39m 类名方法: com.jiawa.train.member.controller.MemberController.login
2025-05-08 10:37:52.444 INFO  com.jiawa.train.common.aspect.LogAspect           :55   [32m17466718724372tz  [0;39m 远程地址: 127.0.0.1
2025-05-08 10:37:52.563 INFO  com.jiawa.train.common.aspect.LogAspect           :83   [32m17466718724372tz  [0;39m 请求参数: [{"code":"1234","mobile":"12301231168"}]
2025-05-08 10:37:52.599 INFO  com.zaxxer.hikari.HikariDataSource                :109  [32m17466718724372tz  [0;39m HikariPool-1 - Starting...
2025-05-08 10:37:52.911 INFO  com.zaxxer.hikari.pool.HikariPool                 :554  [32m17466718724372tz  [0;39m HikariPool-1 - Added connection com.mysql.cj.jdbc.ConnectionImpl@b8205a7
2025-05-08 10:37:52.912 INFO  com.zaxxer.hikari.HikariDataSource                :122  [32m17466718724372tz  [0;39m HikariPool-1 - Start completed.
2025-05-08 10:37:52.917 DEBUG c.j.t.member.mapper.MemberMapper.selectByExample  :135  [32m17466718724372tz  [0;39m ==>  Preparing: select id, mobile from member WHERE ( mobile = ? )
2025-05-08 10:37:52.939 DEBUG c.j.t.member.mapper.MemberMapper.selectByExample  :135  [32m17466718724372tz  [0;39m ==> Parameters: 12301231168(String)
2025-05-08 10:37:52.960 DEBUG c.j.t.member.mapper.MemberMapper.selectByExample  :135  [32m17466718724372tz  [0;39m <==      Total: 0
2025-05-08 10:37:52.969 ERROR c.j.t.common.controller.ControllerExceptionHandler:31   [32m17466718724372tz  [0;39m 系统异常：请先获取短信验证码
2025-05-08 10:37:53.003 WARN  o.s.w.s.m.m.a.ExceptionHandlerExceptionResolver   :254  [32m17466718724372tz  [0;39m Resolved [com.jiawa.train.common.exception.BusinessException]
2025-05-08 10:38:07.838 INFO  com.jiawa.train.common.aspect.LogAspect           :52   [32m1746671887838cc6  [0;39m ------------- 开始 -------------
2025-05-08 10:38:07.838 INFO  com.jiawa.train.common.aspect.LogAspect           :53   [32m1746671887838cc6  [0;39m 请求地址: http://127.0.0.1:8001/member/member/login POST
2025-05-08 10:38:07.839 INFO  com.jiawa.train.common.aspect.LogAspect           :54   [32m1746671887838cc6  [0;39m 类名方法: com.jiawa.train.member.controller.MemberController.login
2025-05-08 10:38:07.839 INFO  com.jiawa.train.common.aspect.LogAspect           :55   [32m1746671887838cc6  [0;39m 远程地址: 127.0.0.1
2025-05-08 10:38:07.839 INFO  com.jiawa.train.common.aspect.LogAspect           :83   [32m1746671887838cc6  [0;39m 请求参数: [{"code":"1234","mobile":"12301234568"}]
2025-05-08 10:38:07.842 DEBUG c.j.t.member.mapper.MemberMapper.selectByExample  :135  [32m1746671887838cc6  [0;39m ==>  Preparing: select id, mobile from member WHERE ( mobile = ? )
2025-05-08 10:38:07.842 DEBUG c.j.t.member.mapper.MemberMapper.selectByExample  :135  [32m1746671887838cc6  [0;39m ==> Parameters: 12301234568(String)
2025-05-08 10:38:07.845 TRACE c.j.t.member.mapper.MemberMapper.selectByExample  :141  [32m1746671887838cc6  [0;39m <==    Columns: id, mobile
2025-05-08 10:38:07.845 TRACE c.j.t.member.mapper.MemberMapper.selectByExample  :141  [32m1746671887838cc6  [0;39m <==        Row: 1920118052398174208, 12301234568
2025-05-08 10:38:07.849 DEBUG c.j.t.member.mapper.MemberMapper.selectByExample  :135  [32m1746671887838cc6  [0;39m <==      Total: 1
2025-05-08 10:38:07.850 ERROR c.j.t.common.controller.ControllerExceptionHandler:31   [32m1746671887838cc6  [0;39m 系统异常：短信验证码错误
2025-05-08 10:38:07.851 WARN  o.s.w.s.m.m.a.ExceptionHandlerExceptionResolver   :254  [32m1746671887838cc6  [0;39m Resolved [com.jiawa.train.common.exception.BusinessException]
2025-05-08 10:38:12.391 INFO  o.s.b.d.a.LocalDevToolsAutoConfiguration$RestartingClassPathChangeChangedEventListener:211  [32m                  [0;39m Restarting due to 1 class path change (0 additions, 1 deletion, 0 modifications)
2025-05-08 10:38:12.394 INFO  o.s.boot.web.embedded.tomcat.GracefulShutdown     :54   [32m                  [0;39m Commencing graceful shutdown. Waiting for active requests to complete
2025-05-08 10:38:12.395 INFO  org.apache.coyote.http11.Http11NioProtocol        :168  [32m                  [0;39m Pausing ProtocolHandler ["http-nio-8001"]
2025-05-08 10:38:12.411 INFO  o.s.boot.web.embedded.tomcat.GracefulShutdown     :76   [32m                  [0;39m Graceful shutdown complete
2025-05-08 10:38:12.412 INFO  org.apache.coyote.http11.Http11NioProtocol        :168  [32m                  [0;39m Stopping ProtocolHandler ["http-nio-8001"]
2025-05-08 10:38:12.416 INFO  com.zaxxer.hikari.HikariDataSource                :349  [32m                  [0;39m HikariPool-1 - Shutdown initiated...
2025-05-08 10:38:12.422 INFO  com.zaxxer.hikari.HikariDataSource                :351  [32m                  [0;39m HikariPool-1 - Shutdown completed.
2025-05-08 10:38:12.511 INFO  com.jiawa.train.member.config.MemberApplication   :53   [32m                  [0;39m Starting MemberApplication using Java 21.0.2 with PID 22932 (E:\12306-train\train\member\target\classes started by user in E:\12306-train\train)
2025-05-08 10:38:12.511 INFO  com.jiawa.train.member.config.MemberApplication   :652  [32m                  [0;39m No active profile set, falling back to 1 default profile: "default"
2025-05-08 10:38:12.656 INFO  o.springframework.cloud.context.scope.GenericScope:282  [32m                  [0;39m BeanFactory id=76df00b8-05fd-37ca-8efa-3852515532e5
2025-05-08 10:38:12.733 INFO  o.s.boot.web.embedded.tomcat.TomcatWebServer      :111  [32m                  [0;39m Tomcat initialized with port 8001 (http)
2025-05-08 10:38:12.734 INFO  org.apache.coyote.http11.Http11NioProtocol        :168  [32m                  [0;39m Initializing ProtocolHandler ["http-nio-8001"]
2025-05-08 10:38:12.734 INFO  org.apache.catalina.core.StandardService          :168  [32m                  [0;39m Starting service [Tomcat]
2025-05-08 10:38:12.734 INFO  org.apache.catalina.core.StandardEngine           :168  [32m                  [0;39m Starting Servlet engine: [Apache Tomcat/10.1.40]
2025-05-08 10:38:12.758 INFO  o.a.c.c.C.[Tomcat].[localhost].[/member]          :168  [32m                  [0;39m Initializing Spring embedded WebApplicationContext
2025-05-08 10:38:12.759 INFO  o.s.b.w.s.c.ServletWebServerApplicationContext    :301  [32m                  [0;39m Root WebApplicationContext: initialization completed in 246 ms
2025-05-08 10:38:13.026 INFO  o.s.b.d.autoconfigure.OptionalLiveReloadServer    :59   [32m                  [0;39m LiveReload server is running on port 35729
2025-05-08 10:38:13.064 INFO  org.apache.coyote.http11.Http11NioProtocol        :168  [32m                  [0;39m Starting ProtocolHandler ["http-nio-8001"]
2025-05-08 10:38:13.067 INFO  o.s.boot.web.embedded.tomcat.TomcatWebServer      :243  [32m                  [0;39m Tomcat started on port 8001 (http) with context path '/member'
2025-05-08 10:38:13.079 INFO  com.jiawa.train.member.config.MemberApplication   :59   [32m                  [0;39m Started MemberApplication in 0.608 seconds (process running for 146.555)
2025-05-08 10:38:13.080 INFO  o.s.b.d.a.ConditionEvaluationDeltaLoggingListener :63   [32m                  [0;39m Condition evaluation unchanged
2025-05-08 10:38:13.081 INFO  com.jiawa.train.member.config.MemberApplication   :23   [32m                  [0;39m 启动成功!
2025-05-08 10:38:13.081 INFO  com.jiawa.train.member.config.MemberApplication   :24   [32m                  [0;39m 地址：	http://127.0.0.1:8001/test
2025-05-08 10:38:14.460 INFO  o.s.b.d.a.LocalDevToolsAutoConfiguration$RestartingClassPathChangeChangedEventListener:211  [32m                  [0;39m Restarting due to 1 class path change (1 addition, 0 deletions, 0 modifications)
2025-05-08 10:38:14.464 INFO  o.s.boot.web.embedded.tomcat.GracefulShutdown     :54   [32m                  [0;39m Commencing graceful shutdown. Waiting for active requests to complete
2025-05-08 10:38:14.465 INFO  org.apache.coyote.http11.Http11NioProtocol        :168  [32m                  [0;39m Pausing ProtocolHandler ["http-nio-8001"]
2025-05-08 10:38:14.478 INFO  o.s.boot.web.embedded.tomcat.GracefulShutdown     :76   [32m                  [0;39m Graceful shutdown complete
2025-05-08 10:38:14.479 INFO  org.apache.coyote.http11.Http11NioProtocol        :168  [32m                  [0;39m Stopping ProtocolHandler ["http-nio-8001"]
2025-05-08 10:38:14.548 INFO  com.jiawa.train.member.config.MemberApplication   :53   [32m                  [0;39m Starting MemberApplication using Java 21.0.2 with PID 22932 (E:\12306-train\train\member\target\classes started by user in E:\12306-train\train)
2025-05-08 10:38:14.548 INFO  com.jiawa.train.member.config.MemberApplication   :652  [32m                  [0;39m No active profile set, falling back to 1 default profile: "default"
2025-05-08 10:38:14.659 INFO  o.springframework.cloud.context.scope.GenericScope:282  [32m                  [0;39m BeanFactory id=76df00b8-05fd-37ca-8efa-3852515532e5
2025-05-08 10:38:14.714 INFO  o.s.boot.web.embedded.tomcat.TomcatWebServer      :111  [32m                  [0;39m Tomcat initialized with port 8001 (http)
2025-05-08 10:38:14.715 INFO  org.apache.coyote.http11.Http11NioProtocol        :168  [32m                  [0;39m Initializing ProtocolHandler ["http-nio-8001"]
2025-05-08 10:38:14.715 INFO  org.apache.catalina.core.StandardService          :168  [32m                  [0;39m Starting service [Tomcat]
2025-05-08 10:38:14.715 INFO  org.apache.catalina.core.StandardEngine           :168  [32m                  [0;39m Starting Servlet engine: [Apache Tomcat/10.1.40]
2025-05-08 10:38:14.736 INFO  o.a.c.c.C.[Tomcat].[localhost].[/member]          :168  [32m                  [0;39m Initializing Spring embedded WebApplicationContext
2025-05-08 10:38:14.736 INFO  o.s.b.w.s.c.ServletWebServerApplicationContext    :301  [32m                  [0;39m Root WebApplicationContext: initialization completed in 187 ms
2025-05-08 10:38:14.919 INFO  o.s.b.d.autoconfigure.OptionalLiveReloadServer    :59   [32m                  [0;39m LiveReload server is running on port 35729
2025-05-08 10:38:14.947 INFO  org.apache.coyote.http11.Http11NioProtocol        :168  [32m                  [0;39m Starting ProtocolHandler ["http-nio-8001"]
2025-05-08 10:38:14.950 INFO  o.s.boot.web.embedded.tomcat.TomcatWebServer      :243  [32m                  [0;39m Tomcat started on port 8001 (http) with context path '/member'
2025-05-08 10:38:14.961 INFO  com.jiawa.train.member.config.MemberApplication   :59   [32m                  [0;39m Started MemberApplication in 0.443 seconds (process running for 148.437)
2025-05-08 10:38:14.962 INFO  o.s.b.d.a.ConditionEvaluationDeltaLoggingListener :63   [32m                  [0;39m Condition evaluation unchanged
2025-05-08 10:38:14.962 INFO  com.jiawa.train.member.config.MemberApplication   :23   [32m                  [0;39m 启动成功!
2025-05-08 10:38:14.963 INFO  com.jiawa.train.member.config.MemberApplication   :24   [32m                  [0;39m 地址：	http://127.0.0.1:8001/test
2025-05-08 10:38:30.067 INFO  o.a.c.c.C.[Tomcat].[localhost].[/member]          :168  [32m                  [0;39m Initializing Spring DispatcherServlet 'dispatcherServlet'
2025-05-08 10:38:30.067 INFO  org.springframework.web.servlet.DispatcherServlet :532  [32m                  [0;39m Initializing Servlet 'dispatcherServlet'
2025-05-08 10:38:30.069 INFO  org.springframework.web.servlet.DispatcherServlet :554  [32m                  [0;39m Completed initialization in 2 ms
2025-05-08 10:38:30.087 ERROR c.j.t.common.controller.ControllerExceptionHandler:51   [32m                  [0;39m 系统异常：[短信验证码]不能为空
2025-05-08 10:38:30.089 WARN  o.s.w.s.m.m.a.ExceptionHandlerExceptionResolver   :254  [32m                  [0;39m Resolved [org.springframework.web.bind.MethodArgumentNotValidException: Validation failed for argument [0] in public com.jiawa.train.common.resp.CommonResp<com.jiawa.train.member.resp.MemberLoginResp> com.jiawa.train.member.controller.MemberController.login(com.jiawa.train.member.req.MemberLoginReq): [Field error in object 'memberLoginReq' on field 'code': rejected value [null]; codes [NotBlank.memberLoginReq.code,NotBlank.code,NotBlank.java.lang.String,NotBlank]; arguments [org.springframework.context.support.DefaultMessageSourceResolvable: codes [memberLoginReq.code,code]; arguments []; default message [code]]; default message [[短信验证码]不能为空]] ]
2025-05-08 10:38:37.224 INFO  com.jiawa.train.common.aspect.LogAspect           :52   [32m1746671917223iwk  [0;39m ------------- 开始 -------------
2025-05-08 10:38:37.224 INFO  com.jiawa.train.common.aspect.LogAspect           :53   [32m1746671917223iwk  [0;39m 请求地址: http://127.0.0.1:8001/member/member/login POST
2025-05-08 10:38:37.224 INFO  com.jiawa.train.common.aspect.LogAspect           :54   [32m1746671917223iwk  [0;39m 类名方法: com.jiawa.train.member.controller.MemberController.login
2025-05-08 10:38:37.224 INFO  com.jiawa.train.common.aspect.LogAspect           :55   [32m1746671917223iwk  [0;39m 远程地址: 127.0.0.1
2025-05-08 10:38:37.228 INFO  com.jiawa.train.common.aspect.LogAspect           :83   [32m1746671917223iwk  [0;39m 请求参数: [{"code":"8888","mobile":"12301234568"}]
2025-05-08 10:38:37.233 INFO  com.zaxxer.hikari.HikariDataSource                :109  [32m1746671917223iwk  [0;39m HikariPool-2 - Starting...
2025-05-08 10:38:37.257 INFO  com.zaxxer.hikari.pool.HikariPool                 :554  [32m1746671917223iwk  [0;39m HikariPool-2 - Added connection com.mysql.cj.jdbc.ConnectionImpl@26c0fb0e
2025-05-08 10:38:37.258 INFO  com.zaxxer.hikari.HikariDataSource                :122  [32m1746671917223iwk  [0;39m HikariPool-2 - Start completed.
2025-05-08 10:38:37.259 DEBUG c.j.t.member.mapper.MemberMapper.selectByExample  :135  [32m1746671917223iwk  [0;39m ==>  Preparing: select id, mobile from member WHERE ( mobile = ? )
2025-05-08 10:38:37.260 DEBUG c.j.t.member.mapper.MemberMapper.selectByExample  :135  [32m1746671917223iwk  [0;39m ==> Parameters: 12301234568(String)
2025-05-08 10:38:37.263 TRACE c.j.t.member.mapper.MemberMapper.selectByExample  :141  [32m1746671917223iwk  [0;39m <==    Columns: id, mobile
2025-05-08 10:38:37.263 TRACE c.j.t.member.mapper.MemberMapper.selectByExample  :141  [32m1746671917223iwk  [0;39m <==        Row: 1920118052398174208, 12301234568
2025-05-08 10:38:37.263 DEBUG c.j.t.member.mapper.MemberMapper.selectByExample  :135  [32m1746671917223iwk  [0;39m <==      Total: 1
2025-05-08 10:38:37.294 INFO  com.jiawa.train.common.aspect.LogAspect           :107  [32m1746671917223iwk  [0;39m 返回结果: {"content":{"id":1920118052398174208,"mobile":"12301234568"},"success":true}
2025-05-08 10:38:37.294 INFO  com.jiawa.train.common.aspect.LogAspect           :108  [32m1746671917223iwk  [0;39m ------------- 结束 耗时：71 ms -------------
2025-05-08 10:38:52.060 INFO  com.jiawa.train.common.aspect.LogAspect           :52   [32m1746671932060tbr  [0;39m ------------- 开始 -------------
2025-05-08 10:38:52.060 INFO  com.jiawa.train.common.aspect.LogAspect           :53   [32m1746671932060tbr  [0;39m 请求地址: http://127.0.0.1:8001/member/member/login POST
2025-05-08 10:38:52.060 INFO  com.jiawa.train.common.aspect.LogAspect           :54   [32m1746671932060tbr  [0;39m 类名方法: com.jiawa.train.member.controller.MemberController.login
2025-05-08 10:38:52.061 INFO  com.jiawa.train.common.aspect.LogAspect           :55   [32m1746671932060tbr  [0;39m 远程地址: 127.0.0.1
2025-05-08 10:38:52.061 INFO  com.jiawa.train.common.aspect.LogAspect           :83   [32m1746671932060tbr  [0;39m 请求参数: [{"code":"8888","mobile":"12301234568"}]
2025-05-08 10:38:52.063 DEBUG c.j.t.member.mapper.MemberMapper.selectByExample  :135  [32m1746671932060tbr  [0;39m ==>  Preparing: select id, mobile from member WHERE ( mobile = ? )
2025-05-08 10:38:52.063 DEBUG c.j.t.member.mapper.MemberMapper.selectByExample  :135  [32m1746671932060tbr  [0;39m ==> Parameters: 12301234568(String)
2025-05-08 10:38:52.066 TRACE c.j.t.member.mapper.MemberMapper.selectByExample  :141  [32m1746671932060tbr  [0;39m <==    Columns: id, mobile
2025-05-08 10:38:52.066 TRACE c.j.t.member.mapper.MemberMapper.selectByExample  :141  [32m1746671932060tbr  [0;39m <==        Row: 1920118052398174208, 12301234568
2025-05-08 10:38:52.067 DEBUG c.j.t.member.mapper.MemberMapper.selectByExample  :135  [32m1746671932060tbr  [0;39m <==      Total: 1
2025-05-08 10:38:52.067 INFO  com.jiawa.train.common.aspect.LogAspect           :107  [32m1746671932060tbr  [0;39m 返回结果: {"content":{"id":1920118052398174208,"mobile":"12301234568"},"success":true}
2025-05-08 10:38:52.067 INFO  com.jiawa.train.common.aspect.LogAspect           :108  [32m1746671932060tbr  [0;39m ------------- 结束 耗时：7 ms -------------
2025-05-08 10:38:56.351 INFO  com.jiawa.train.common.aspect.LogAspect           :52   [32m1746671936351ldt  [0;39m ------------- 开始 -------------
2025-05-08 10:38:56.351 INFO  com.jiawa.train.common.aspect.LogAspect           :53   [32m1746671936351ldt  [0;39m 请求地址: http://127.0.0.1:8001/member/member/login POST
2025-05-08 10:38:56.351 INFO  com.jiawa.train.common.aspect.LogAspect           :54   [32m1746671936351ldt  [0;39m 类名方法: com.jiawa.train.member.controller.MemberController.login
2025-05-08 10:38:56.351 INFO  com.jiawa.train.common.aspect.LogAspect           :55   [32m1746671936351ldt  [0;39m 远程地址: 127.0.0.1
2025-05-08 10:38:56.351 INFO  com.jiawa.train.common.aspect.LogAspect           :83   [32m1746671936351ldt  [0;39m 请求参数: [{"code":"8888","mobile":"12301234568"}]
2025-05-08 10:38:56.353 DEBUG c.j.t.member.mapper.MemberMapper.selectByExample  :135  [32m1746671936351ldt  [0;39m ==>  Preparing: select id, mobile from member WHERE ( mobile = ? )
2025-05-08 10:38:56.353 DEBUG c.j.t.member.mapper.MemberMapper.selectByExample  :135  [32m1746671936351ldt  [0;39m ==> Parameters: 12301234568(String)
2025-05-08 10:38:56.354 TRACE c.j.t.member.mapper.MemberMapper.selectByExample  :141  [32m1746671936351ldt  [0;39m <==    Columns: id, mobile
2025-05-08 10:38:56.354 TRACE c.j.t.member.mapper.MemberMapper.selectByExample  :141  [32m1746671936351ldt  [0;39m <==        Row: 1920118052398174208, 12301234568
2025-05-08 10:38:56.354 DEBUG c.j.t.member.mapper.MemberMapper.selectByExample  :135  [32m1746671936351ldt  [0;39m <==      Total: 1
2025-05-08 10:38:56.355 INFO  com.jiawa.train.common.aspect.LogAspect           :107  [32m1746671936351ldt  [0;39m 返回结果: {"content":{"id":1920118052398174208,"mobile":"12301234568"},"success":true}
2025-05-08 10:38:56.355 INFO  com.jiawa.train.common.aspect.LogAspect           :108  [32m1746671936351ldt  [0;39m ------------- 结束 耗时：4 ms -------------
2025-05-08 10:39:48.971 INFO  o.s.boot.web.embedded.tomcat.GracefulShutdown     :54   [32m                  [0;39m Commencing graceful shutdown. Waiting for active requests to complete
2025-05-08 10:39:48.985 INFO  o.s.boot.web.embedded.tomcat.GracefulShutdown     :76   [32m                  [0;39m Graceful shutdown complete
2025-05-08 10:39:48.987 INFO  com.zaxxer.hikari.HikariDataSource                :349  [32m                  [0;39m HikariPool-2 - Shutdown initiated...
2025-05-08 10:39:48.992 INFO  com.zaxxer.hikari.HikariDataSource                :351  [32m                  [0;39m HikariPool-2 - Shutdown completed.
2025-05-08 11:44:34.642 INFO  org.hibernate.validator.internal.util.Version     :21   [32m                  [0;39m HV000001: Hibernate Validator 8.0.2.Final
2025-05-08 11:44:34.680 INFO  com.jiawa.train.member.config.MemberApplication   :53   [32m                  [0;39m Starting MemberApplication using Java 21.0.2 with PID 18908 (E:\12306-train\train\member\target\classes started by user in E:\12306-train\train)
2025-05-08 11:44:34.681 INFO  com.jiawa.train.member.config.MemberApplication   :652  [32m                  [0;39m No active profile set, falling back to 1 default profile: "default"
2025-05-08 11:44:34.719 INFO  o.s.b.d.env.DevToolsPropertyDefaultsPostProcessor :252  [32m                  [0;39m Devtools property defaults active! Set 'spring.devtools.add-properties' to 'false' to disable
2025-05-08 11:44:34.719 INFO  o.s.b.d.env.DevToolsPropertyDefaultsPostProcessor :252  [32m                  [0;39m For additional web related logging consider setting the 'logging.level.web' property to 'DEBUG'
2025-05-08 11:44:35.312 INFO  o.springframework.cloud.context.scope.GenericScope:282  [32m                  [0;39m BeanFactory id=76df00b8-05fd-37ca-8efa-3852515532e5
2025-05-08 11:44:35.787 INFO  o.s.boot.web.embedded.tomcat.TomcatWebServer      :111  [32m                  [0;39m Tomcat initialized with port 8001 (http)
2025-05-08 11:44:35.801 INFO  org.apache.coyote.http11.Http11NioProtocol        :168  [32m                  [0;39m Initializing ProtocolHandler ["http-nio-8001"]
2025-05-08 11:44:35.802 INFO  org.apache.catalina.core.StandardService          :168  [32m                  [0;39m Starting service [Tomcat]
2025-05-08 11:44:35.802 INFO  org.apache.catalina.core.StandardEngine           :168  [32m                  [0;39m Starting Servlet engine: [Apache Tomcat/10.1.40]
2025-05-08 11:44:35.849 INFO  o.a.c.c.C.[Tomcat].[localhost].[/member]          :168  [32m                  [0;39m Initializing Spring embedded WebApplicationContext
2025-05-08 11:44:35.850 INFO  o.s.b.w.s.c.ServletWebServerApplicationContext    :301  [32m                  [0;39m Root WebApplicationContext: initialization completed in 1129 ms
2025-05-08 11:44:36.544 INFO  o.s.b.d.autoconfigure.OptionalLiveReloadServer    :59   [32m                  [0;39m LiveReload server is running on port 35729
2025-05-08 11:44:36.606 INFO  org.apache.coyote.http11.Http11NioProtocol        :168  [32m                  [0;39m Starting ProtocolHandler ["http-nio-8001"]
2025-05-08 11:44:36.627 INFO  o.s.boot.web.embedded.tomcat.TomcatWebServer      :243  [32m                  [0;39m Tomcat started on port 8001 (http) with context path '/member'
2025-05-08 11:44:36.643 INFO  com.jiawa.train.member.config.MemberApplication   :59   [32m                  [0;39m Started MemberApplication in 2.462 seconds (process running for 3.27)
2025-05-08 11:44:36.647 INFO  com.jiawa.train.member.config.MemberApplication   :23   [32m                  [0;39m 启动成功!
2025-05-08 11:44:36.647 INFO  com.jiawa.train.member.config.MemberApplication   :24   [32m                  [0;39m 地址：	http://127.0.0.1:8001/test
2025-05-08 17:27:05.323 INFO  o.a.c.c.C.[Tomcat].[localhost].[/member]          :168  [32m                  [0;39m Initializing Spring DispatcherServlet 'dispatcherServlet'
2025-05-08 17:27:05.335 INFO  org.springframework.web.servlet.DispatcherServlet :532  [32m                  [0;39m Initializing Servlet 'dispatcherServlet'
2025-05-08 17:27:05.375 INFO  org.springframework.web.servlet.DispatcherServlet :554  [32m                  [0;39m Completed initialization in 38 ms
2025-05-08 17:27:05.539 ERROR c.j.t.common.controller.ControllerExceptionHandler:51   [32m                  [0;39m 系统异常：[手机号]不能为空
2025-05-08 17:27:05.599 WARN  o.s.w.s.m.m.a.ExceptionHandlerExceptionResolver   :254  [32m                  [0;39m Resolved [org.springframework.web.bind.MethodArgumentNotValidException: Validation failed for argument [0] in public com.jiawa.train.common.resp.CommonResp<java.lang.Long> com.jiawa.train.member.controller.MemberController.sendCode(com.jiawa.train.member.req.MemberSendCodeReq): [Field error in object 'memberSendCodeReq' on field 'mobile': rejected value [null]; codes [NotBlank.memberSendCodeReq.mobile,NotBlank.mobile,NotBlank.java.lang.String,NotBlank]; arguments [org.springframework.context.support.DefaultMessageSourceResolvable: codes [memberSendCodeReq.mobile,mobile]; arguments []; default message [mobile]]; default message [[手机号]不能为空]] ]
2025-05-08 17:27:11.746 ERROR c.j.t.common.controller.ControllerExceptionHandler:51   [32m                  [0;39m 系统异常：[手机号]不能为空
2025-05-08 17:27:11.748 WARN  o.s.w.s.m.m.a.ExceptionHandlerExceptionResolver   :254  [32m                  [0;39m Resolved [org.springframework.web.bind.MethodArgumentNotValidException: Validation failed for argument [0] in public com.jiawa.train.common.resp.CommonResp<java.lang.Long> com.jiawa.train.member.controller.MemberController.sendCode(com.jiawa.train.member.req.MemberSendCodeReq): [Field error in object 'memberSendCodeReq' on field 'mobile': rejected value [null]; codes [NotBlank.memberSendCodeReq.mobile,NotBlank.mobile,NotBlank.java.lang.String,NotBlank]; arguments [org.springframework.context.support.DefaultMessageSourceResolvable: codes [memberSendCodeReq.mobile,mobile]; arguments []; default message [mobile]]; default message [[手机号]不能为空]] ]
2025-05-08 17:27:28.715 ERROR c.j.t.common.controller.ControllerExceptionHandler:51   [32m                  [0;39m 系统异常：[手机号]不能为空
2025-05-08 17:27:28.716 WARN  o.s.w.s.m.m.a.ExceptionHandlerExceptionResolver   :254  [32m                  [0;39m Resolved [org.springframework.web.bind.MethodArgumentNotValidException: Validation failed for argument [0] in public com.jiawa.train.common.resp.CommonResp<java.lang.Long> com.jiawa.train.member.controller.MemberController.sendCode(com.jiawa.train.member.req.MemberSendCodeReq): [Field error in object 'memberSendCodeReq' on field 'mobile': rejected value [null]; codes [NotBlank.memberSendCodeReq.mobile,NotBlank.mobile,NotBlank.java.lang.String,NotBlank]; arguments [org.springframework.context.support.DefaultMessageSourceResolvable: codes [memberSendCodeReq.mobile,mobile]; arguments []; default message [mobile]]; default message [[手机号]不能为空]] ]
2025-05-08 17:28:10.071 ERROR c.j.t.common.controller.ControllerExceptionHandler:51   [32m                  [0;39m 系统异常：[手机号]不能为空
2025-05-08 17:28:10.072 WARN  o.s.w.s.m.m.a.ExceptionHandlerExceptionResolver   :254  [32m                  [0;39m Resolved [org.springframework.web.bind.MethodArgumentNotValidException: Validation failed for argument [0] in public com.jiawa.train.common.resp.CommonResp<java.lang.Long> com.jiawa.train.member.controller.MemberController.sendCode(com.jiawa.train.member.req.MemberSendCodeReq): [Field error in object 'memberSendCodeReq' on field 'mobile': rejected value [null]; codes [NotBlank.memberSendCodeReq.mobile,NotBlank.mobile,NotBlank.java.lang.String,NotBlank]; arguments [org.springframework.context.support.DefaultMessageSourceResolvable: codes [memberSendCodeReq.mobile,mobile]; arguments []; default message [mobile]]; default message [[手机号]不能为空]] ]
2025-05-08 17:28:13.249 ERROR c.j.t.common.controller.ControllerExceptionHandler:51   [32m                  [0;39m 系统异常：[手机号]不能为空
2025-05-08 17:28:13.250 WARN  o.s.w.s.m.m.a.ExceptionHandlerExceptionResolver   :254  [32m                  [0;39m Resolved [org.springframework.web.bind.MethodArgumentNotValidException: Validation failed for argument [0] in public com.jiawa.train.common.resp.CommonResp<java.lang.Long> com.jiawa.train.member.controller.MemberController.sendCode(com.jiawa.train.member.req.MemberSendCodeReq): [Field error in object 'memberSendCodeReq' on field 'mobile': rejected value [null]; codes [NotBlank.memberSendCodeReq.mobile,NotBlank.mobile,NotBlank.java.lang.String,NotBlank]; arguments [org.springframework.context.support.DefaultMessageSourceResolvable: codes [memberSendCodeReq.mobile,mobile]; arguments []; default message [mobile]]; default message [[手机号]不能为空]] ]
2025-05-08 17:31:37.898 INFO  o.s.b.d.a.LocalDevToolsAutoConfiguration$RestartingClassPathChangeChangedEventListener:211  [32m                  [0;39m Restarting due to 1 class path change (0 additions, 1 deletion, 0 modifications)
2025-05-08 17:31:37.919 INFO  o.s.boot.web.embedded.tomcat.GracefulShutdown     :54   [32m                  [0;39m Commencing graceful shutdown. Waiting for active requests to complete
2025-05-08 17:31:37.924 INFO  org.apache.coyote.http11.Http11NioProtocol        :168  [32m                  [0;39m Pausing ProtocolHandler ["http-nio-8001"]
2025-05-08 17:31:37.942 INFO  o.s.boot.web.embedded.tomcat.GracefulShutdown     :76   [32m                  [0;39m Graceful shutdown complete
2025-05-08 17:31:37.944 INFO  org.apache.coyote.http11.Http11NioProtocol        :168  [32m                  [0;39m Stopping ProtocolHandler ["http-nio-8001"]
2025-05-08 17:31:38.227 INFO  com.jiawa.train.member.config.MemberApplication   :53   [32m                  [0;39m Starting MemberApplication using Java 21.0.2 with PID 18908 (E:\12306-train\train\member\target\classes started by user in E:\12306-train\train)
2025-05-08 17:31:38.228 INFO  com.jiawa.train.member.config.MemberApplication   :652  [32m                  [0;39m No active profile set, falling back to 1 default profile: "default"
2025-05-08 17:31:38.491 INFO  o.springframework.cloud.context.scope.GenericScope:282  [32m                  [0;39m BeanFactory id=ba6b98b1-636f-3132-a749-5bc0b87aa530
2025-05-08 17:31:38.596 INFO  o.s.boot.web.embedded.tomcat.TomcatWebServer      :111  [32m                  [0;39m Tomcat initialized with port 8001 (http)
2025-05-08 17:31:38.599 INFO  org.apache.coyote.http11.Http11NioProtocol        :168  [32m                  [0;39m Initializing ProtocolHandler ["http-nio-8001"]
2025-05-08 17:31:38.599 INFO  org.apache.catalina.core.StandardService          :168  [32m                  [0;39m Starting service [Tomcat]
2025-05-08 17:31:38.600 INFO  org.apache.catalina.core.StandardEngine           :168  [32m                  [0;39m Starting Servlet engine: [Apache Tomcat/10.1.40]
2025-05-08 17:31:38.631 INFO  o.a.c.c.C.[Tomcat].[localhost].[/member]          :168  [32m                  [0;39m Initializing Spring embedded WebApplicationContext
2025-05-08 17:31:38.632 INFO  o.s.b.w.s.c.ServletWebServerApplicationContext    :301  [32m                  [0;39m Root WebApplicationContext: initialization completed in 399 ms
2025-05-08 17:31:38.904 INFO  o.s.b.d.autoconfigure.OptionalLiveReloadServer    :59   [32m                  [0;39m LiveReload server is running on port 35729
2025-05-08 17:31:38.941 INFO  org.apache.coyote.http11.Http11NioProtocol        :168  [32m                  [0;39m Starting ProtocolHandler ["http-nio-8001"]
2025-05-08 17:31:38.943 INFO  o.s.boot.web.embedded.tomcat.TomcatWebServer      :243  [32m                  [0;39m Tomcat started on port 8001 (http) with context path '/member'
2025-05-08 17:31:38.955 INFO  com.jiawa.train.member.config.MemberApplication   :59   [32m                  [0;39m Started MemberApplication in 0.809 seconds (process running for 20824.34)
2025-05-08 17:31:38.956 INFO  o.s.b.d.a.ConditionEvaluationDeltaLoggingListener :63   [32m                  [0;39m Condition evaluation unchanged
2025-05-08 17:31:38.957 INFO  com.jiawa.train.member.config.MemberApplication   :23   [32m                  [0;39m 启动成功!
2025-05-08 17:31:38.957 INFO  com.jiawa.train.member.config.MemberApplication   :24   [32m                  [0;39m 地址：	http://127.0.0.1:8001/test
2025-05-08 17:32:20.987 INFO  o.s.b.d.a.LocalDevToolsAutoConfiguration$RestartingClassPathChangeChangedEventListener:211  [32m                  [0;39m Restarting due to 1 class path change (1 addition, 0 deletions, 0 modifications)
2025-05-08 17:32:20.992 INFO  o.s.boot.web.embedded.tomcat.GracefulShutdown     :54   [32m                  [0;39m Commencing graceful shutdown. Waiting for active requests to complete
2025-05-08 17:32:20.994 INFO  org.apache.coyote.http11.Http11NioProtocol        :168  [32m                  [0;39m Pausing ProtocolHandler ["http-nio-8001"]
2025-05-08 17:32:21.013 INFO  o.s.boot.web.embedded.tomcat.GracefulShutdown     :76   [32m                  [0;39m Graceful shutdown complete
2025-05-08 17:32:21.014 INFO  org.apache.coyote.http11.Http11NioProtocol        :168  [32m                  [0;39m Stopping ProtocolHandler ["http-nio-8001"]
2025-05-08 17:32:21.156 INFO  com.jiawa.train.member.config.MemberApplication   :53   [32m                  [0;39m Starting MemberApplication using Java 21.0.2 with PID 18908 (E:\12306-train\train\member\target\classes started by user in E:\12306-train\train)
2025-05-08 17:32:21.157 INFO  com.jiawa.train.member.config.MemberApplication   :652  [32m                  [0;39m No active profile set, falling back to 1 default profile: "default"
2025-05-08 17:32:21.331 INFO  o.springframework.cloud.context.scope.GenericScope:282  [32m                  [0;39m BeanFactory id=76df00b8-05fd-37ca-8efa-3852515532e5
2025-05-08 17:32:21.387 INFO  o.s.boot.web.embedded.tomcat.TomcatWebServer      :111  [32m                  [0;39m Tomcat initialized with port 8001 (http)
2025-05-08 17:32:21.388 INFO  org.apache.coyote.http11.Http11NioProtocol        :168  [32m                  [0;39m Initializing ProtocolHandler ["http-nio-8001"]
2025-05-08 17:32:21.389 INFO  org.apache.catalina.core.StandardService          :168  [32m                  [0;39m Starting service [Tomcat]
2025-05-08 17:32:21.389 INFO  org.apache.catalina.core.StandardEngine           :168  [32m                  [0;39m Starting Servlet engine: [Apache Tomcat/10.1.40]
2025-05-08 17:32:21.411 INFO  o.a.c.c.C.[Tomcat].[localhost].[/member]          :168  [32m                  [0;39m Initializing Spring embedded WebApplicationContext
2025-05-08 17:32:21.411 INFO  o.s.b.w.s.c.ServletWebServerApplicationContext    :301  [32m                  [0;39m Root WebApplicationContext: initialization completed in 250 ms
2025-05-08 17:32:21.662 INFO  o.s.b.d.autoconfigure.OptionalLiveReloadServer    :59   [32m                  [0;39m LiveReload server is running on port 35729
2025-05-08 17:32:21.704 INFO  org.apache.coyote.http11.Http11NioProtocol        :168  [32m                  [0;39m Starting ProtocolHandler ["http-nio-8001"]
2025-05-08 17:32:21.709 INFO  o.s.boot.web.embedded.tomcat.TomcatWebServer      :243  [32m                  [0;39m Tomcat started on port 8001 (http) with context path '/member'
2025-05-08 17:32:21.726 INFO  com.jiawa.train.member.config.MemberApplication   :59   [32m                  [0;39m Started MemberApplication in 0.634 seconds (process running for 20867.111)
2025-05-08 17:32:21.728 INFO  o.s.b.d.a.ConditionEvaluationDeltaLoggingListener :63   [32m                  [0;39m Condition evaluation unchanged
2025-05-08 17:32:21.728 INFO  com.jiawa.train.member.config.MemberApplication   :23   [32m                  [0;39m 启动成功!
2025-05-08 17:32:21.728 INFO  com.jiawa.train.member.config.MemberApplication   :24   [32m                  [0;39m 地址：	http://127.0.0.1:8001/test
2025-05-08 17:34:13.747 INFO  o.s.boot.web.embedded.tomcat.GracefulShutdown     :54   [32m                  [0;39m Commencing graceful shutdown. Waiting for active requests to complete
2025-05-08 17:34:13.766 INFO  o.s.boot.web.embedded.tomcat.GracefulShutdown     :76   [32m                  [0;39m Graceful shutdown complete
2025-05-08 17:34:16.131 INFO  org.hibernate.validator.internal.util.Version     :21   [32m                  [0;39m HV000001: Hibernate Validator 8.0.2.Final
2025-05-08 17:34:16.172 INFO  com.jiawa.train.member.config.MemberApplication   :53   [32m                  [0;39m Starting MemberApplication using Java 21.0.2 with PID 18520 (E:\12306-train\train\member\target\classes started by user in E:\12306-train\train)
2025-05-08 17:34:16.173 INFO  com.jiawa.train.member.config.MemberApplication   :652  [32m                  [0;39m No active profile set, falling back to 1 default profile: "default"
2025-05-08 17:34:16.224 INFO  o.s.b.d.env.DevToolsPropertyDefaultsPostProcessor :252  [32m                  [0;39m Devtools property defaults active! Set 'spring.devtools.add-properties' to 'false' to disable
2025-05-08 17:34:16.225 INFO  o.s.b.d.env.DevToolsPropertyDefaultsPostProcessor :252  [32m                  [0;39m For additional web related logging consider setting the 'logging.level.web' property to 'DEBUG'
2025-05-08 17:34:17.081 INFO  o.springframework.cloud.context.scope.GenericScope:282  [32m                  [0;39m BeanFactory id=76df00b8-05fd-37ca-8efa-3852515532e5
2025-05-08 17:34:17.638 INFO  o.s.boot.web.embedded.tomcat.TomcatWebServer      :111  [32m                  [0;39m Tomcat initialized with port 8001 (http)
2025-05-08 17:34:17.652 INFO  org.apache.coyote.http11.Http11NioProtocol        :168  [32m                  [0;39m Initializing ProtocolHandler ["http-nio-8001"]
2025-05-08 17:34:17.653 INFO  org.apache.catalina.core.StandardService          :168  [32m                  [0;39m Starting service [Tomcat]
2025-05-08 17:34:17.653 INFO  org.apache.catalina.core.StandardEngine           :168  [32m                  [0;39m Starting Servlet engine: [Apache Tomcat/10.1.40]
2025-05-08 17:34:17.701 INFO  o.a.c.c.C.[Tomcat].[localhost].[/member]          :168  [32m                  [0;39m Initializing Spring embedded WebApplicationContext
2025-05-08 17:34:17.702 INFO  o.s.b.w.s.c.ServletWebServerApplicationContext    :301  [32m                  [0;39m Root WebApplicationContext: initialization completed in 1476 ms
2025-05-08 17:34:18.409 INFO  o.s.b.d.autoconfigure.OptionalLiveReloadServer    :59   [32m                  [0;39m LiveReload server is running on port 35729
2025-05-08 17:34:18.473 INFO  org.apache.coyote.http11.Http11NioProtocol        :168  [32m                  [0;39m Starting ProtocolHandler ["http-nio-8001"]
2025-05-08 17:34:18.488 INFO  o.s.boot.web.embedded.tomcat.TomcatWebServer      :243  [32m                  [0;39m Tomcat started on port 8001 (http) with context path '/member'
2025-05-08 17:34:18.506 INFO  com.jiawa.train.member.config.MemberApplication   :59   [32m                  [0;39m Started MemberApplication in 2.792 seconds (process running for 3.679)
2025-05-08 17:34:18.507 INFO  com.jiawa.train.member.config.MemberApplication   :23   [32m                  [0;39m 启动成功!
2025-05-08 17:34:18.508 INFO  com.jiawa.train.member.config.MemberApplication   :24   [32m                  [0;39m 地址：	http://127.0.0.1:8001/test
2025-05-08 17:35:32.572 INFO  o.a.c.c.C.[Tomcat].[localhost].[/member]          :168  [32m                  [0;39m Initializing Spring DispatcherServlet 'dispatcherServlet'
2025-05-08 17:35:32.572 INFO  org.springframework.web.servlet.DispatcherServlet :532  [32m                  [0;39m Initializing Servlet 'dispatcherServlet'
2025-05-08 17:35:32.573 INFO  org.springframework.web.servlet.DispatcherServlet :554  [32m                  [0;39m Completed initialization in 1 ms
2025-05-08 17:35:32.664 INFO  com.jiawa.train.common.aspect.LogAspect           :52   [32m1746696932659y6d  [0;39m ------------- 开始 -------------
2025-05-08 17:35:32.665 INFO  com.jiawa.train.common.aspect.LogAspect           :53   [32m1746696932659y6d  [0;39m 请求地址: http://127.0.0.1:8001/member/member/send-code POST
2025-05-08 17:35:32.665 INFO  com.jiawa.train.common.aspect.LogAspect           :54   [32m1746696932659y6d  [0;39m 类名方法: com.jiawa.train.member.controller.MemberController.sendCode
2025-05-08 17:35:32.665 INFO  com.jiawa.train.common.aspect.LogAspect           :55   [32m1746696932659y6d  [0;39m 远程地址: 127.0.0.1
2025-05-08 17:35:32.782 INFO  com.jiawa.train.common.aspect.LogAspect           :83   [32m1746696932659y6d  [0;39m 请求参数: [{"mobile":"12301234568"}]
2025-05-08 17:35:32.817 INFO  com.zaxxer.hikari.HikariDataSource                :109  [32m1746696932659y6d  [0;39m HikariPool-1 - Starting...
2025-05-08 17:35:33.133 INFO  com.zaxxer.hikari.pool.HikariPool                 :554  [32m1746696932659y6d  [0;39m HikariPool-1 - Added connection com.mysql.cj.jdbc.ConnectionImpl@6e0ddd18
2025-05-08 17:35:33.134 INFO  com.zaxxer.hikari.HikariDataSource                :122  [32m1746696932659y6d  [0;39m HikariPool-1 - Start completed.
2025-05-08 17:35:33.140 DEBUG c.j.t.member.mapper.MemberMapper.selectByExample  :135  [32m1746696932659y6d  [0;39m ==>  Preparing: select id, mobile from member WHERE ( mobile = ? )
2025-05-08 17:35:33.161 DEBUG c.j.t.member.mapper.MemberMapper.selectByExample  :135  [32m1746696932659y6d  [0;39m ==> Parameters: 12301234568(String)
2025-05-08 17:35:33.181 TRACE c.j.t.member.mapper.MemberMapper.selectByExample  :141  [32m1746696932659y6d  [0;39m <==    Columns: id, mobile
2025-05-08 17:35:33.182 TRACE c.j.t.member.mapper.MemberMapper.selectByExample  :141  [32m1746696932659y6d  [0;39m <==        Row: 1920118052398174208, 12301234568
2025-05-08 17:35:33.183 DEBUG c.j.t.member.mapper.MemberMapper.selectByExample  :135  [32m1746696932659y6d  [0;39m <==      Total: 1
2025-05-08 17:35:33.188 INFO  com.jiawa.train.member.service.MemberService      :62   [32m1746696932659y6d  [0;39m 手机号存在，不插入
2025-05-08 17:35:33.188 INFO  com.jiawa.train.member.service.MemberService      :68   [32m1746696932659y6d  [0;39m 生成短信验证码:8888
2025-05-08 17:35:33.188 INFO  com.jiawa.train.member.service.MemberService      :70   [32m1746696932659y6d  [0;39m 保存短信记录表
2025-05-08 17:35:33.188 INFO  com.jiawa.train.member.service.MemberService      :73   [32m1746696932659y6d  [0;39m 对接短信通道
2025-05-08 17:35:33.191 INFO  com.jiawa.train.common.aspect.LogAspect           :107  [32m1746696932659y6d  [0;39m 返回结果: {"success":true}
2025-05-08 17:35:33.192 INFO  com.jiawa.train.common.aspect.LogAspect           :108  [32m1746696932659y6d  [0;39m ------------- 结束 耗时：533 ms -------------
2025-05-08 17:36:36.284 ERROR c.j.t.common.controller.ControllerExceptionHandler:51   [32m                  [0;39m 系统异常：手机号码格式错误
2025-05-08 17:36:36.288 WARN  o.s.w.s.m.m.a.ExceptionHandlerExceptionResolver   :254  [32m                  [0;39m Resolved [org.springframework.web.bind.MethodArgumentNotValidException: Validation failed for argument [0] in public com.jiawa.train.common.resp.CommonResp<java.lang.Long> com.jiawa.train.member.controller.MemberController.sendCode(com.jiawa.train.member.req.MemberSendCodeReq): [Field error in object 'memberSendCodeReq' on field 'mobile': rejected value [12345678]; codes [Pattern.memberSendCodeReq.mobile,Pattern.mobile,Pattern.java.lang.String,Pattern]; arguments [org.springframework.context.support.DefaultMessageSourceResolvable: codes [memberSendCodeReq.mobile,mobile]; arguments []; default message [mobile],[Ljakarta.validation.constraints.Pattern$Flag;@37e15cbd,^1\d{10}$]; default message [手机号码格式错误]] ]
2025-05-08 17:40:52.252 INFO  com.jiawa.train.common.aspect.LogAspect           :52   [32m17466972522521x8  [0;39m ------------- 开始 -------------
2025-05-08 17:40:52.252 INFO  com.jiawa.train.common.aspect.LogAspect           :53   [32m17466972522521x8  [0;39m 请求地址: http://127.0.0.1:8001/member/member/send-code POST
2025-05-08 17:40:52.252 INFO  com.jiawa.train.common.aspect.LogAspect           :54   [32m17466972522521x8  [0;39m 类名方法: com.jiawa.train.member.controller.MemberController.sendCode
2025-05-08 17:40:52.252 INFO  com.jiawa.train.common.aspect.LogAspect           :55   [32m17466972522521x8  [0;39m 远程地址: 127.0.0.1
2025-05-08 17:40:52.253 INFO  com.jiawa.train.common.aspect.LogAspect           :83   [32m17466972522521x8  [0;39m 请求参数: [{"mobile":"12345678111"}]
2025-05-08 17:40:52.256 DEBUG c.j.t.member.mapper.MemberMapper.selectByExample  :135  [32m17466972522521x8  [0;39m ==>  Preparing: select id, mobile from member WHERE ( mobile = ? )
2025-05-08 17:40:52.258 DEBUG c.j.t.member.mapper.MemberMapper.selectByExample  :135  [32m17466972522521x8  [0;39m ==> Parameters: 12345678111(String)
2025-05-08 17:40:52.260 DEBUG c.j.t.member.mapper.MemberMapper.selectByExample  :135  [32m17466972522521x8  [0;39m <==      Total: 0
2025-05-08 17:40:52.260 INFO  com.jiawa.train.member.service.MemberService      :56   [32m17466972522521x8  [0;39m 手机号不存在，插入一条记录
2025-05-08 17:40:52.285 DEBUG com.jiawa.train.member.mapper.MemberMapper.insert :135  [32m17466972522521x8  [0;39m ==>  Preparing: insert into member (id, mobile) values (?, ?)
2025-05-08 17:40:52.285 DEBUG com.jiawa.train.member.mapper.MemberMapper.insert :135  [32m17466972522521x8  [0;39m ==> Parameters: 1920413582500171776(Long), 12345678111(String)
2025-05-08 17:40:52.315 DEBUG com.jiawa.train.member.mapper.MemberMapper.insert :135  [32m17466972522521x8  [0;39m <==    Updates: 1
2025-05-08 17:40:52.315 INFO  com.jiawa.train.member.service.MemberService      :68   [32m17466972522521x8  [0;39m 生成短信验证码:8888
2025-05-08 17:40:52.315 INFO  com.jiawa.train.member.service.MemberService      :70   [32m17466972522521x8  [0;39m 保存短信记录表
2025-05-08 17:40:52.315 INFO  com.jiawa.train.member.service.MemberService      :73   [32m17466972522521x8  [0;39m 对接短信通道
2025-05-08 17:40:52.315 INFO  com.jiawa.train.common.aspect.LogAspect           :107  [32m17466972522521x8  [0;39m 返回结果: {"success":true}
2025-05-08 17:40:52.316 INFO  com.jiawa.train.common.aspect.LogAspect           :108  [32m17466972522521x8  [0;39m ------------- 结束 耗时：64 ms -------------
2025-05-08 17:43:04.621 INFO  o.s.b.d.a.LocalDevToolsAutoConfiguration$RestartingClassPathChangeChangedEventListener:211  [32m                  [0;39m Restarting due to 1 class path change (0 additions, 1 deletion, 0 modifications)
2025-05-08 17:43:04.627 INFO  o.s.boot.web.embedded.tomcat.GracefulShutdown     :54   [32m                  [0;39m Commencing graceful shutdown. Waiting for active requests to complete
2025-05-08 17:43:04.629 INFO  org.apache.coyote.http11.Http11NioProtocol        :168  [32m                  [0;39m Pausing ProtocolHandler ["http-nio-8001"]
2025-05-08 17:43:04.643 INFO  o.s.boot.web.embedded.tomcat.GracefulShutdown     :76   [32m                  [0;39m Graceful shutdown complete
2025-05-08 17:43:04.645 INFO  org.apache.coyote.http11.Http11NioProtocol        :168  [32m                  [0;39m Stopping ProtocolHandler ["http-nio-8001"]
2025-05-08 17:43:04.649 INFO  com.zaxxer.hikari.HikariDataSource                :349  [32m                  [0;39m HikariPool-1 - Shutdown initiated...
2025-05-08 17:43:04.657 INFO  com.zaxxer.hikari.HikariDataSource                :351  [32m                  [0;39m HikariPool-1 - Shutdown completed.
2025-05-08 17:43:04.792 INFO  com.jiawa.train.member.config.MemberApplication   :53   [32m                  [0;39m Starting MemberApplication using Java 21.0.2 with PID 18520 (E:\12306-train\train\member\target\classes started by user in E:\12306-train\train)
2025-05-08 17:43:04.792 INFO  com.jiawa.train.member.config.MemberApplication   :652  [32m                  [0;39m No active profile set, falling back to 1 default profile: "default"
2025-05-08 17:43:05.034 INFO  o.springframework.cloud.context.scope.GenericScope:282  [32m                  [0;39m BeanFactory id=76df00b8-05fd-37ca-8efa-3852515532e5
2025-05-08 17:43:05.150 INFO  o.s.boot.web.embedded.tomcat.TomcatWebServer      :111  [32m                  [0;39m Tomcat initialized with port 8001 (http)
2025-05-08 17:43:05.152 INFO  org.apache.coyote.http11.Http11NioProtocol        :168  [32m                  [0;39m Initializing ProtocolHandler ["http-nio-8001"]
2025-05-08 17:43:05.153 INFO  org.apache.catalina.core.StandardService          :168  [32m                  [0;39m Starting service [Tomcat]
2025-05-08 17:43:05.153 INFO  org.apache.catalina.core.StandardEngine           :168  [32m                  [0;39m Starting Servlet engine: [Apache Tomcat/10.1.40]
2025-05-08 17:43:05.189 INFO  o.a.c.c.C.[Tomcat].[localhost].[/member]          :168  [32m                  [0;39m Initializing Spring embedded WebApplicationContext
2025-05-08 17:43:05.190 INFO  o.s.b.w.s.c.ServletWebServerApplicationContext    :301  [32m                  [0;39m Root WebApplicationContext: initialization completed in 396 ms
2025-05-08 17:43:05.507 INFO  o.s.b.d.autoconfigure.OptionalLiveReloadServer    :59   [32m                  [0;39m LiveReload server is running on port 35729
2025-05-08 17:43:05.551 INFO  org.apache.coyote.http11.Http11NioProtocol        :168  [32m                  [0;39m Starting ProtocolHandler ["http-nio-8001"]
2025-05-08 17:43:05.554 INFO  o.s.boot.web.embedded.tomcat.TomcatWebServer      :243  [32m                  [0;39m Tomcat started on port 8001 (http) with context path '/member'
2025-05-08 17:43:05.567 INFO  com.jiawa.train.member.config.MemberApplication   :59   [32m                  [0;39m Started MemberApplication in 0.836 seconds (process running for 530.741)
2025-05-08 17:43:05.569 INFO  o.s.b.d.a.ConditionEvaluationDeltaLoggingListener :63   [32m                  [0;39m Condition evaluation unchanged
2025-05-08 17:43:05.569 INFO  com.jiawa.train.member.config.MemberApplication   :23   [32m                  [0;39m 启动成功!
2025-05-08 17:43:05.569 INFO  com.jiawa.train.member.config.MemberApplication   :24   [32m                  [0;39m 地址：	http://127.0.0.1:8001/test
2025-05-08 17:43:06.930 INFO  o.s.b.d.a.LocalDevToolsAutoConfiguration$RestartingClassPathChangeChangedEventListener:211  [32m                  [0;39m Restarting due to 1 class path change (1 addition, 0 deletions, 0 modifications)
2025-05-08 17:43:06.933 INFO  o.s.boot.web.embedded.tomcat.GracefulShutdown     :54   [32m                  [0;39m Commencing graceful shutdown. Waiting for active requests to complete
2025-05-08 17:43:06.934 INFO  org.apache.coyote.http11.Http11NioProtocol        :168  [32m                  [0;39m Pausing ProtocolHandler ["http-nio-8001"]
2025-05-08 17:43:06.948 INFO  o.s.boot.web.embedded.tomcat.GracefulShutdown     :76   [32m                  [0;39m Graceful shutdown complete
2025-05-08 17:43:06.949 INFO  org.apache.coyote.http11.Http11NioProtocol        :168  [32m                  [0;39m Stopping ProtocolHandler ["http-nio-8001"]
2025-05-08 17:43:07.021 INFO  com.jiawa.train.member.config.MemberApplication   :53   [32m                  [0;39m Starting MemberApplication using Java 21.0.2 with PID 18520 (E:\12306-train\train\member\target\classes started by user in E:\12306-train\train)
2025-05-08 17:43:07.021 INFO  com.jiawa.train.member.config.MemberApplication   :652  [32m                  [0;39m No active profile set, falling back to 1 default profile: "default"
2025-05-08 17:43:07.141 INFO  o.springframework.cloud.context.scope.GenericScope:282  [32m                  [0;39m BeanFactory id=76df00b8-05fd-37ca-8efa-3852515532e5
2025-05-08 17:43:07.203 INFO  o.s.boot.web.embedded.tomcat.TomcatWebServer      :111  [32m                  [0;39m Tomcat initialized with port 8001 (http)
2025-05-08 17:43:07.204 INFO  org.apache.coyote.http11.Http11NioProtocol        :168  [32m                  [0;39m Initializing ProtocolHandler ["http-nio-8001"]
2025-05-08 17:43:07.204 INFO  org.apache.catalina.core.StandardService          :168  [32m                  [0;39m Starting service [Tomcat]
2025-05-08 17:43:07.204 INFO  org.apache.catalina.core.StandardEngine           :168  [32m                  [0;39m Starting Servlet engine: [Apache Tomcat/10.1.40]
2025-05-08 17:43:07.226 INFO  o.a.c.c.C.[Tomcat].[localhost].[/member]          :168  [32m                  [0;39m Initializing Spring embedded WebApplicationContext
2025-05-08 17:43:07.227 INFO  o.s.b.w.s.c.ServletWebServerApplicationContext    :301  [32m                  [0;39m Root WebApplicationContext: initialization completed in 205 ms
2025-05-08 17:43:07.428 INFO  o.s.b.d.autoconfigure.OptionalLiveReloadServer    :59   [32m                  [0;39m LiveReload server is running on port 35729
2025-05-08 17:43:07.455 INFO  org.apache.coyote.http11.Http11NioProtocol        :168  [32m                  [0;39m Starting ProtocolHandler ["http-nio-8001"]
2025-05-08 17:43:07.458 INFO  o.s.boot.web.embedded.tomcat.TomcatWebServer      :243  [32m                  [0;39m Tomcat started on port 8001 (http) with context path '/member'
2025-05-08 17:43:07.470 INFO  com.jiawa.train.member.config.MemberApplication   :59   [32m                  [0;39m Started MemberApplication in 0.481 seconds (process running for 532.644)
2025-05-08 17:43:07.470 INFO  o.s.b.d.a.ConditionEvaluationDeltaLoggingListener :63   [32m                  [0;39m Condition evaluation unchanged
2025-05-08 17:43:07.472 INFO  com.jiawa.train.member.config.MemberApplication   :23   [32m                  [0;39m 启动成功!
2025-05-08 17:43:07.472 INFO  com.jiawa.train.member.config.MemberApplication   :24   [32m                  [0;39m 地址：	http://127.0.0.1:8001/test
2025-05-08 17:44:12.512 INFO  o.a.c.c.C.[Tomcat].[localhost].[/member]          :168  [32m                  [0;39m Initializing Spring DispatcherServlet 'dispatcherServlet'
2025-05-08 17:44:12.512 INFO  org.springframework.web.servlet.DispatcherServlet :532  [32m                  [0;39m Initializing Servlet 'dispatcherServlet'
2025-05-08 17:44:12.512 INFO  org.springframework.web.servlet.DispatcherServlet :554  [32m                  [0;39m Completed initialization in 0 ms
2025-05-08 17:44:12.520 INFO  com.jiawa.train.common.aspect.LogAspect           :52   [32m1746697452519ifm  [0;39m ------------- 开始 -------------
2025-05-08 17:44:12.521 INFO  com.jiawa.train.common.aspect.LogAspect           :53   [32m1746697452519ifm  [0;39m 请求地址: http://127.0.0.1:8001/member/member/login POST
2025-05-08 17:44:12.521 INFO  com.jiawa.train.common.aspect.LogAspect           :54   [32m1746697452519ifm  [0;39m 类名方法: com.jiawa.train.member.controller.MemberController.login
2025-05-08 17:44:12.521 INFO  com.jiawa.train.common.aspect.LogAspect           :55   [32m1746697452519ifm  [0;39m 远程地址: 127.0.0.1
2025-05-08 17:44:12.522 INFO  com.jiawa.train.common.aspect.LogAspect           :83   [32m1746697452519ifm  [0;39m 请求参数: [{"code":"8888","mobile":"12301234568"}]
2025-05-08 17:44:12.524 INFO  com.zaxxer.hikari.HikariDataSource                :109  [32m1746697452519ifm  [0;39m HikariPool-2 - Starting...
2025-05-08 17:44:12.553 INFO  com.zaxxer.hikari.pool.HikariPool                 :554  [32m1746697452519ifm  [0;39m HikariPool-2 - Added connection com.mysql.cj.jdbc.ConnectionImpl@15c76029
2025-05-08 17:44:12.553 INFO  com.zaxxer.hikari.HikariDataSource                :122  [32m1746697452519ifm  [0;39m HikariPool-2 - Start completed.
2025-05-08 17:44:12.554 DEBUG c.j.t.member.mapper.MemberMapper.selectByExample  :135  [32m1746697452519ifm  [0;39m ==>  Preparing: select id, mobile from member WHERE ( mobile = ? )
2025-05-08 17:44:12.554 DEBUG c.j.t.member.mapper.MemberMapper.selectByExample  :135  [32m1746697452519ifm  [0;39m ==> Parameters: 12301234568(String)
2025-05-08 17:44:12.558 TRACE c.j.t.member.mapper.MemberMapper.selectByExample  :141  [32m1746697452519ifm  [0;39m <==    Columns: id, mobile
2025-05-08 17:44:12.560 TRACE c.j.t.member.mapper.MemberMapper.selectByExample  :141  [32m1746697452519ifm  [0;39m <==        Row: 1920118052398174208, 12301234568
2025-05-08 17:44:12.560 DEBUG c.j.t.member.mapper.MemberMapper.selectByExample  :135  [32m1746697452519ifm  [0;39m <==      Total: 1
2025-05-08 17:44:12.574 INFO  com.jiawa.train.common.aspect.LogAspect           :107  [32m1746697452519ifm  [0;39m 返回结果: {"content":{"id":1920118052398174208,"mobile":"12301234568"},"success":true}
2025-05-08 17:44:12.574 INFO  com.jiawa.train.common.aspect.LogAspect           :108  [32m1746697452519ifm  [0;39m ------------- 结束 耗时：55 ms -------------
2025-05-08 17:44:17.405 INFO  com.jiawa.train.common.aspect.LogAspect           :52   [32m1746697457405ya1  [0;39m ------------- 开始 -------------
2025-05-08 17:44:17.405 INFO  com.jiawa.train.common.aspect.LogAspect           :53   [32m1746697457405ya1  [0;39m 请求地址: http://127.0.0.1:8001/member/member/login POST
2025-05-08 17:44:17.405 INFO  com.jiawa.train.common.aspect.LogAspect           :54   [32m1746697457405ya1  [0;39m 类名方法: com.jiawa.train.member.controller.MemberController.login
2025-05-08 17:44:17.406 INFO  com.jiawa.train.common.aspect.LogAspect           :55   [32m1746697457405ya1  [0;39m 远程地址: 127.0.0.1
2025-05-08 17:44:17.406 INFO  com.jiawa.train.common.aspect.LogAspect           :83   [32m1746697457405ya1  [0;39m 请求参数: [{"code":"8888","mobile":"12301234568"}]
2025-05-08 17:44:17.408 DEBUG c.j.t.member.mapper.MemberMapper.selectByExample  :135  [32m1746697457405ya1  [0;39m ==>  Preparing: select id, mobile from member WHERE ( mobile = ? )
2025-05-08 17:44:17.409 DEBUG c.j.t.member.mapper.MemberMapper.selectByExample  :135  [32m1746697457405ya1  [0;39m ==> Parameters: 12301234568(String)
2025-05-08 17:44:17.410 TRACE c.j.t.member.mapper.MemberMapper.selectByExample  :141  [32m1746697457405ya1  [0;39m <==    Columns: id, mobile
2025-05-08 17:44:17.411 TRACE c.j.t.member.mapper.MemberMapper.selectByExample  :141  [32m1746697457405ya1  [0;39m <==        Row: 1920118052398174208, 12301234568
2025-05-08 17:44:17.411 DEBUG c.j.t.member.mapper.MemberMapper.selectByExample  :135  [32m1746697457405ya1  [0;39m <==      Total: 1
2025-05-08 17:44:17.412 INFO  com.jiawa.train.common.aspect.LogAspect           :107  [32m1746697457405ya1  [0;39m 返回结果: {"content":{"id":1920118052398174208,"mobile":"12301234568"},"success":true}
2025-05-08 17:44:17.412 INFO  com.jiawa.train.common.aspect.LogAspect           :108  [32m1746697457405ya1  [0;39m ------------- 结束 耗时：7 ms -------------
2025-05-08 17:44:29.825 INFO  com.jiawa.train.common.aspect.LogAspect           :52   [32m1746697469825sdl  [0;39m ------------- 开始 -------------
2025-05-08 17:44:29.825 INFO  com.jiawa.train.common.aspect.LogAspect           :53   [32m1746697469825sdl  [0;39m 请求地址: http://127.0.0.1:8001/member/member/login POST
2025-05-08 17:44:29.825 INFO  com.jiawa.train.common.aspect.LogAspect           :54   [32m1746697469825sdl  [0;39m 类名方法: com.jiawa.train.member.controller.MemberController.login
2025-05-08 17:44:29.825 INFO  com.jiawa.train.common.aspect.LogAspect           :55   [32m1746697469825sdl  [0;39m 远程地址: 127.0.0.1
2025-05-08 17:44:29.825 INFO  com.jiawa.train.common.aspect.LogAspect           :83   [32m1746697469825sdl  [0;39m 请求参数: [{"code":"8888","mobile":"12301234568"}]
2025-05-08 17:44:29.827 DEBUG c.j.t.member.mapper.MemberMapper.selectByExample  :135  [32m1746697469825sdl  [0;39m ==>  Preparing: select id, mobile from member WHERE ( mobile = ? )
2025-05-08 17:44:29.828 DEBUG c.j.t.member.mapper.MemberMapper.selectByExample  :135  [32m1746697469825sdl  [0;39m ==> Parameters: 12301234568(String)
2025-05-08 17:44:29.830 TRACE c.j.t.member.mapper.MemberMapper.selectByExample  :141  [32m1746697469825sdl  [0;39m <==    Columns: id, mobile
2025-05-08 17:44:29.830 TRACE c.j.t.member.mapper.MemberMapper.selectByExample  :141  [32m1746697469825sdl  [0;39m <==        Row: 1920118052398174208, 12301234568
2025-05-08 17:44:29.830 DEBUG c.j.t.member.mapper.MemberMapper.selectByExample  :135  [32m1746697469825sdl  [0;39m <==      Total: 1
2025-05-08 17:44:29.831 INFO  com.jiawa.train.common.aspect.LogAspect           :107  [32m1746697469825sdl  [0;39m 返回结果: {"content":{"id":1920118052398174208,"mobile":"12301234568"},"success":true}
2025-05-08 17:44:29.831 INFO  com.jiawa.train.common.aspect.LogAspect           :108  [32m1746697469825sdl  [0;39m ------------- 结束 耗时：6 ms -------------
2025-05-08 17:56:47.429 INFO  com.jiawa.train.common.aspect.LogAspect           :52   [32m17466982074295bf  [0;39m ------------- 开始 -------------
2025-05-08 17:56:47.429 INFO  com.jiawa.train.common.aspect.LogAspect           :53   [32m17466982074295bf  [0;39m 请求地址: http://127.0.0.1:8001/member/member/send-code POST
2025-05-08 17:56:47.429 INFO  com.jiawa.train.common.aspect.LogAspect           :54   [32m17466982074295bf  [0;39m 类名方法: com.jiawa.train.member.controller.MemberController.sendCode
2025-05-08 17:56:47.429 INFO  com.jiawa.train.common.aspect.LogAspect           :55   [32m17466982074295bf  [0;39m 远程地址: 127.0.0.1
2025-05-08 17:56:47.430 INFO  com.jiawa.train.common.aspect.LogAspect           :83   [32m17466982074295bf  [0;39m 请求参数: [{"mobile":"12345678111"}]
2025-05-08 17:56:47.433 DEBUG c.j.t.member.mapper.MemberMapper.selectByExample  :135  [32m17466982074295bf  [0;39m ==>  Preparing: select id, mobile from member WHERE ( mobile = ? )
2025-05-08 17:56:47.433 DEBUG c.j.t.member.mapper.MemberMapper.selectByExample  :135  [32m17466982074295bf  [0;39m ==> Parameters: 12345678111(String)
2025-05-08 17:56:47.435 TRACE c.j.t.member.mapper.MemberMapper.selectByExample  :141  [32m17466982074295bf  [0;39m <==    Columns: id, mobile
2025-05-08 17:56:47.436 TRACE c.j.t.member.mapper.MemberMapper.selectByExample  :141  [32m17466982074295bf  [0;39m <==        Row: 1920413582500171776, 12345678111
2025-05-08 17:56:47.436 DEBUG c.j.t.member.mapper.MemberMapper.selectByExample  :135  [32m17466982074295bf  [0;39m <==      Total: 1
2025-05-08 17:56:47.436 INFO  com.jiawa.train.member.service.MemberService      :62   [32m17466982074295bf  [0;39m 手机号存在，不插入
2025-05-08 17:56:47.436 INFO  com.jiawa.train.member.service.MemberService      :68   [32m17466982074295bf  [0;39m 生成短信验证码:8888
2025-05-08 17:56:47.436 INFO  com.jiawa.train.member.service.MemberService      :70   [32m17466982074295bf  [0;39m 保存短信记录表
2025-05-08 17:56:47.436 INFO  com.jiawa.train.member.service.MemberService      :73   [32m17466982074295bf  [0;39m 对接短信通道
2025-05-08 17:56:47.436 INFO  com.jiawa.train.common.aspect.LogAspect           :107  [32m17466982074295bf  [0;39m 返回结果: {"success":true}
2025-05-08 17:56:47.436 INFO  com.jiawa.train.common.aspect.LogAspect           :108  [32m17466982074295bf  [0;39m ------------- 结束 耗时：7 ms -------------
2025-05-08 17:56:54.317 INFO  com.jiawa.train.common.aspect.LogAspect           :52   [32m17466982143174z2  [0;39m ------------- 开始 -------------
2025-05-08 17:56:54.317 INFO  com.jiawa.train.common.aspect.LogAspect           :53   [32m17466982143174z2  [0;39m 请求地址: http://127.0.0.1:8001/member/member/login POST
2025-05-08 17:56:54.317 INFO  com.jiawa.train.common.aspect.LogAspect           :54   [32m17466982143174z2  [0;39m 类名方法: com.jiawa.train.member.controller.MemberController.login
2025-05-08 17:56:54.317 INFO  com.jiawa.train.common.aspect.LogAspect           :55   [32m17466982143174z2  [0;39m 远程地址: 127.0.0.1
2025-05-08 17:56:54.317 INFO  com.jiawa.train.common.aspect.LogAspect           :83   [32m17466982143174z2  [0;39m 请求参数: [{"code":"8888","mobile":"12345678111"}]
2025-05-08 17:56:54.320 DEBUG c.j.t.member.mapper.MemberMapper.selectByExample  :135  [32m17466982143174z2  [0;39m ==>  Preparing: select id, mobile from member WHERE ( mobile = ? )
2025-05-08 17:56:54.320 DEBUG c.j.t.member.mapper.MemberMapper.selectByExample  :135  [32m17466982143174z2  [0;39m ==> Parameters: 12345678111(String)
2025-05-08 17:56:54.321 TRACE c.j.t.member.mapper.MemberMapper.selectByExample  :141  [32m17466982143174z2  [0;39m <==    Columns: id, mobile
2025-05-08 17:56:54.321 TRACE c.j.t.member.mapper.MemberMapper.selectByExample  :141  [32m17466982143174z2  [0;39m <==        Row: 1920413582500171776, 12345678111
2025-05-08 17:56:54.321 DEBUG c.j.t.member.mapper.MemberMapper.selectByExample  :135  [32m17466982143174z2  [0;39m <==      Total: 1
2025-05-08 17:56:54.322 INFO  com.jiawa.train.common.aspect.LogAspect           :107  [32m17466982143174z2  [0;39m 返回结果: {"content":{"id":1920413582500171776,"mobile":"12345678111"},"success":true}
2025-05-08 17:56:54.322 INFO  com.jiawa.train.common.aspect.LogAspect           :108  [32m17466982143174z2  [0;39m ------------- 结束 耗时：5 ms -------------
2025-05-08 20:20:00.647 INFO  com.jiawa.train.common.aspect.LogAspect           :52   [32m1746706800646tce  [0;39m ------------- 开始 -------------
2025-05-08 20:20:00.656 INFO  com.jiawa.train.common.aspect.LogAspect           :53   [32m1746706800646tce  [0;39m 请求地址: http://127.0.0.1:8001/member/member/send-code POST
2025-05-08 20:20:00.656 INFO  com.jiawa.train.common.aspect.LogAspect           :54   [32m1746706800646tce  [0;39m 类名方法: com.jiawa.train.member.controller.MemberController.sendCode
2025-05-08 20:20:00.656 INFO  com.jiawa.train.common.aspect.LogAspect           :55   [32m1746706800646tce  [0;39m 远程地址: 127.0.0.1
2025-05-08 20:20:00.658 INFO  com.jiawa.train.common.aspect.LogAspect           :83   [32m1746706800646tce  [0;39m 请求参数: [{"mobile":"12345678111"}]
2025-05-08 20:20:00.668 DEBUG c.j.t.member.mapper.MemberMapper.selectByExample  :135  [32m1746706800646tce  [0;39m ==>  Preparing: select id, mobile from member WHERE ( mobile = ? )
2025-05-08 20:20:00.671 DEBUG c.j.t.member.mapper.MemberMapper.selectByExample  :135  [32m1746706800646tce  [0;39m ==> Parameters: 12345678111(String)
2025-05-08 20:20:00.682 TRACE c.j.t.member.mapper.MemberMapper.selectByExample  :141  [32m1746706800646tce  [0;39m <==    Columns: id, mobile
2025-05-08 20:20:00.683 TRACE c.j.t.member.mapper.MemberMapper.selectByExample  :141  [32m1746706800646tce  [0;39m <==        Row: 1920413582500171776, 12345678111
2025-05-08 20:20:00.684 DEBUG c.j.t.member.mapper.MemberMapper.selectByExample  :135  [32m1746706800646tce  [0;39m <==      Total: 1
2025-05-08 20:20:00.685 INFO  com.jiawa.train.member.service.MemberService      :62   [32m1746706800646tce  [0;39m 手机号存在，不插入
2025-05-08 20:20:00.685 INFO  com.jiawa.train.member.service.MemberService      :68   [32m1746706800646tce  [0;39m 生成短信验证码:8888
2025-05-08 20:20:00.685 INFO  com.jiawa.train.member.service.MemberService      :70   [32m1746706800646tce  [0;39m 保存短信记录表
2025-05-08 20:20:00.685 INFO  com.jiawa.train.member.service.MemberService      :73   [32m1746706800646tce  [0;39m 对接短信通道
2025-05-08 20:20:00.686 INFO  com.jiawa.train.common.aspect.LogAspect           :107  [32m1746706800646tce  [0;39m 返回结果: {"success":true}
2025-05-08 20:20:00.686 INFO  com.jiawa.train.common.aspect.LogAspect           :108  [32m1746706800646tce  [0;39m ------------- 结束 耗时：40 ms -------------
2025-05-08 20:20:19.999 INFO  com.jiawa.train.common.aspect.LogAspect           :52   [32m1746706819999ncg  [0;39m ------------- 开始 -------------
2025-05-08 20:20:19.999 INFO  com.jiawa.train.common.aspect.LogAspect           :53   [32m1746706819999ncg  [0;39m 请求地址: http://127.0.0.1:8001/member/member/login POST
2025-05-08 20:20:19.999 INFO  com.jiawa.train.common.aspect.LogAspect           :54   [32m1746706819999ncg  [0;39m 类名方法: com.jiawa.train.member.controller.MemberController.login
2025-05-08 20:20:20.000 INFO  com.jiawa.train.common.aspect.LogAspect           :55   [32m1746706819999ncg  [0;39m 远程地址: 127.0.0.1
2025-05-08 20:20:20.000 INFO  com.jiawa.train.common.aspect.LogAspect           :83   [32m1746706819999ncg  [0;39m 请求参数: [{"code":"8888","mobile":"12345678111"}]
2025-05-08 20:20:20.003 DEBUG c.j.t.member.mapper.MemberMapper.selectByExample  :135  [32m1746706819999ncg  [0;39m ==>  Preparing: select id, mobile from member WHERE ( mobile = ? )
2025-05-08 20:20:20.003 DEBUG c.j.t.member.mapper.MemberMapper.selectByExample  :135  [32m1746706819999ncg  [0;39m ==> Parameters: 12345678111(String)
2025-05-08 20:20:20.005 TRACE c.j.t.member.mapper.MemberMapper.selectByExample  :141  [32m1746706819999ncg  [0;39m <==    Columns: id, mobile
2025-05-08 20:20:20.005 TRACE c.j.t.member.mapper.MemberMapper.selectByExample  :141  [32m1746706819999ncg  [0;39m <==        Row: 1920413582500171776, 12345678111
2025-05-08 20:20:20.005 DEBUG c.j.t.member.mapper.MemberMapper.selectByExample  :135  [32m1746706819999ncg  [0;39m <==      Total: 1
2025-05-08 20:20:20.008 INFO  com.jiawa.train.common.aspect.LogAspect           :107  [32m1746706819999ncg  [0;39m 返回结果: {"content":{"id":1920413582500171776,"mobile":"12345678111"},"success":true}
2025-05-08 20:20:20.008 INFO  com.jiawa.train.common.aspect.LogAspect           :108  [32m1746706819999ncg  [0;39m ------------- 结束 耗时：9 ms -------------
2025-05-08 20:36:05.227 INFO  o.s.boot.web.embedded.tomcat.GracefulShutdown     :54   [32m                  [0;39m Commencing graceful shutdown. Waiting for active requests to complete
2025-05-08 20:36:05.265 INFO  o.s.boot.web.embedded.tomcat.GracefulShutdown     :76   [32m                  [0;39m Graceful shutdown complete
2025-05-08 20:36:05.288 INFO  com.zaxxer.hikari.HikariDataSource                :349  [32m                  [0;39m HikariPool-2 - Shutdown initiated...
2025-05-08 20:36:05.303 INFO  com.zaxxer.hikari.HikariDataSource                :351  [32m                  [0;39m HikariPool-2 - Shutdown completed.
